[01:57:44] [INFO] UsuarioController::logout
[01:58:02] [INFO] SQL: SELECT u.*, r.descripcion as rol FROM USUARIO u
                LEFT JOIN ROL r ON r.usuario_id = u.id
                WHERE u.nombre_usuario = ? [Joacogie]
[01:58:02] [INFO] UsuarioController::procesarLogin - login exitoso id=1
[02:13:32] [INFO] UsuarioController::logout
[02:13:38] [INFO] SQL: SELECT u.*, r.descripcion as rol FROM USUARIO u
                LEFT JOIN ROL r ON r.usuario_id = u.id
                WHERE u.nombre_usuario = ? [Joacogie]
[02:13:38] [INFO] UsuarioController::procesarLogin - login exitoso id=1
[03:00:19] [INFO] UsuarioController::logout
[16:51:37] [INFO] SQL: SELECT u.*, r.descripcion as rol FROM USUARIO u
                LEFT JOIN ROL r ON r.usuario_id = u.id
                WHERE u.nombre_usuario = ? [Joacogie]
[16:51:37] [INFO] UsuarioController::procesarLogin - login exitoso id=1
[16:51:44] [INFO] UsuarioController::logout
[17:22:02] [INFO] SQL: SELECT u.*, r.descripcion as rol FROM USUARIO u
                LEFT JOIN ROL r ON r.usuario_id = u.id
                WHERE u.nombre_usuario = ? [Joacogie]
[17:22:02] [INFO] UsuarioController::procesarLogin - login exitoso id=1
